=== Probe M2 2026-05-14T06:29:47.265Z ===
[06:29:49.490] logged in teacher1@finsim.edu.cn → http://localhost:3000/teacher/dashboard
[06:29:50.761] /teacher/courses → 1270ms
[06:29:51.513] title:1 code:1 desc:1 select:1
[06:29:53.706] logged in teacher1@finsim.edu.cn → http://localhost:3000/teacher/dashboard
[06:29:53.780] courses count: 5
[06:29:55.662] detail page → 1882ms
[06:29:55.746] slot labels: 课前=0 课中=0 课后=0
[06:29:55.761] tabs: 课程结构 | 任务实例 | 教学上下文 | Study Buddy 统计 | 数据分析 | 公告管理
[06:29:58.437] logged in teacher1@finsim.edu.cn → http://localhost:3000/teacher/dashboard
[06:29:59.623] context-tab found: 1
[06:30:01.461] source rows (by data attr): 0
[06:30:03.421] logged in teacher1@finsim.edu.cn → http://localhost:3000/teacher/dashboard
[06:30:03.572] teachers payload: {"success":true,"data":[]}
[06:30:03.573] classes payload: {"success":true,"data":[]}
[06:30:04.671] buttons:  |  |  | AI 助手 | 王 | 添加班级 | 设置学期开始日期 | 上传大纲 | 编辑课程 | 协作教师 | 添加章节 |  | 1.理财基础概念 | 课程结构 | 任务实例 | 教学上下文 | Study Buddy 统计 | 数据分析 | 公告管理 | 跳转到章节... | 第 1 章 · 理财基础概念 | 添加小节 | 
[06:30:07.096] logged in student1@finsim.edu.cn → http://localhost:3000/dashboard
[06:30:08.210] tried /study-buddy → http://localhost:3000/study-buddy
[06:30:08.293] http 404 http://localhost:3000/student/study-buddy
[06:30:08.428] tried /student/study-buddy → http://localhost:3000/student/study-buddy
[06:30:08.471] http 404 http://localhost:3000/learn
[06:30:08.501] tried /learn → http://localhost:3000/learn
[06:30:08.533] student courses: {"success":true,"data":[{"id":"00000000-0000-4000-8000-00000000a201","courseTitle":"个人理财规划","courseCode":"ANL2-A","description":"ANL-2 确定性教学诊断夹具：A 班有提交、待批改、低分和概念聚类。","classId":"deedd844-e302-4b20-903d
[06:30:10.494] logged in teacher1@finsim.edu.cn → http://localhost:3000/teacher/dashboard
[06:30:10.620] chapter count: 1
[06:30:10.620] chapter 00000000-0000-4000-8000-00000000b301 title="理财基础概念" sections=0 tasks=0
[06:31:18.415] course "个人理财规划" id=00000000-0000-4000-8000-00000000a202 chapters=1 sections=0
[06:31:18.512] course "个人理财规划" id=00000000-0000-4000-8000-00000000a201 chapters=2 sections=2
[06:31:18.545] course "个人理财规划" id=ec619c34-99ed-4e45-9f97-2bcd43c1bcb1 chapters=3 sections=8
[06:31:18.586] course "个人理财规划" id=e6fc049c-756f-4442-86da-35a6cdbadd6e chapters=3 sections=8
[06:31:18.618] course "个人理财规划" id=940bbe23-6172-40bf-bc7f-b22a1840a1de chapters=3 sections=9
[06:31:20.220] (detail) 课前=2 课中=2 课后=2
[06:31:20.225] addTaskBtn=0 addBlockBtn=0
[06:31:21.202] upload buttons: 1
[06:31:36.178] possible post rows: 11
[06:31:36.183] new-post buttons: 1
[06:31:37.214] task selectors in dialog: 3
[06:31:39.747] course "个人理财规划" sources: 11 [{"fn":"finsim-test-syllabus.md","st":"ready","ty":"syllabus"},{"fn":"finsim-test-syllabus-bad.md","st":"ready","ty":"syllabus"}]
[06:31:39.771] course "个人理财规划" sources: 0 []
[06:31:39.796] course "个人理财规划" sources: 0 []
[06:31:39.819] course "个人理财规划" sources: 3 [{"fn":"个人理财-课程标准-编码表.xls","st":"ready","ty":"syllabus"},{"fn":"lingxi-course-outline.txt","st":"ready","ty":"syllabus"}]
[06:31:39.839] course "个人理财规划" sources: 0 []
[06:33:00.014] student tasks: 22
[06:33:00.017]   task "客户理财咨询模拟" id=2e700d5e-fa7e-4f13-b000-03f660414b89 course=个人理财规划 courseId=940bbe23-6172-40bf-bc7f-b22a1840a1de
[06:33:00.017]   task "测验1" id=2587a565-e28d-4bbb-8b39-1335473cd88c course=个人理财规划 courseId=940bbe23-6172-40bf-bc7f-b22a1840a1de
[06:33:00.019]   task "客户理财咨询模拟" id=da3724bf-cdb5-43c4-b8a4-2849ac97f191 course=个人理财规划 courseId=940bbe23-6172-40bf-bc7f-b22a1840a1de
[06:33:00.019]   task "理财基础知识随堂测验" id=017f5aa6-f12f-4f48-a747-0f90cf6040a7 course=个人理财规划 courseId=940bbe23-6172-40bf-bc7f-b22a1840a1de
[06:33:00.019]   task "客户理财咨询模拟练习" id=e34afdc0-dc06-4072-aa5c-d1b945de0850 course=个人理财规划 courseId=940bbe23-6172-40bf-bc7f-b22a1840a1de
[06:33:00.019] chosen task "客户理财咨询模拟" id=2e700d5e-fa7e-4f13-b000-03f660414b89 course=个人理财规划
[06:33:00.215] create post status: 400 success: false
[06:33:00.215] create err: {"code":"VALIDATION_ERROR","message":"请求参数错误","details":{"formErrors":[],"fieldErrors":{"taskId":["Invalid input: expected string, received undefined"],"question":["Invalid input: expected string, received undefined"]}}}
[06:33:04.084] trying DELETE chapter 00000000-0000-4000-8000-00000000a301 with 2 tasks (course 00000000-0000-4000-8000-00000000a201)
[06:33:06.844] OPTIONS http://localhost:3000/api/lms/chapters/00000000-0000-4000-8000-00000000a301 → 204
[06:33:13.406] file inputs in context tab: 1
[06:33:13.488]   accept="application/pdf,.pdf,.doc,.docx,text/plain,text/markdown,.txt,.md,.zip,image/png,image/jpeg,image/webp,.xlsx,.xls,.csv" multiple=null
[06:33:14.605]   outline-dialog accept=".pdf,.docx,.txt,.md,.zip,.png,.jpg,.jpeg,.xlsx,.xls,.csv"
[06:33:48.470] tasks fields sample: {"id":"2e700d5e-fa7e-4f13-b000-03f660414b89","title":"客户理财咨询模拟","description":null,"taskId":"50194450-47c2-4cee-b2fa-2aa6b634fb5f","taskType":"simulation","classId":"deedd844-e302-4b20-903d-d9b1d0e12439","groupIds":[],"courseId":"940bbe23-6172-40bf-bc7f-b22a1840a1de","chapterId":"d73bf6ea-9c1b-4d44-a190-5165917a14c2","sectionId":"1ace5e74-6a79-40ca-afcf-229abfe0e1d8","slot":"pre","dueAt":"2026-02-21T10:35:00.000Z","publishAt":null,"publishedAt":"2026-02-21T10:35:41.108Z","status":"published","attemptsAllowed":null,"taskSnapshot":{"id":"50194450-47c2-4cee-b2fa-2aa6b634fb5f","taskName":"客户理财咨询模拟","taskType":"simulation","createdAt":"2026-02-21T09:55:53.279Z","creatorId":"4dbbe635-a2ad-4605-a9a9-fe2bb491e6b5","updatedAt":"2026-02-21T09:55:53.279Z","courseName":null,"quizConfig":null,"visibility":"private","chapterName":null,"requirements":"1. 了解客户的财务状况\n2. 评估客户的风险承受能力\n3. 推荐合适的理财产品\n4. 解释投资风险","quizQuestions":[],"practiceEnabled":false,"scoringCriteria":[{"id":"f07d5da9-45f0-4cd1-a9d4-5986a41d2199","name":"需求分析","order":0,"taskId":"50194450-47c2-4cee-b2fa-2aa6b634fb5f","createdAt":"2026-02-21T09:55:53.279Z","maxPoints":25,"description":"是否充分了解客户的财务状况和理财目标"},{"id":"fb85d6b6-f94f-4090-96ee-a9850b30ed10","name":"风险评估","order":1,"taskId":"50194450-47c2-4cee-b2fa-2aa6b634fb5f","createdAt":"2026-02-21T09:55:53.279Z","maxPoints":20,"description":"是否合理评估客户的风险承受能力"},{"id":"08fdc14a-ed13-4ec6-b043-4733f1ab7bdc","name":"方案推荐","order":2,"taskId":"50194450-47c2-4cee-b2fa-2aa6b634fb5f","createdAt":"2026-02-21T09:55:53.279Z","maxPoints":25,"description":"推荐的理财方案是否合理、多样化"},{"id":"bde82dfc-156e-4f1b-8cd8-c851fbf7218d","name":"沟通技巧","order":3,"taskId":"50194450-47c2-4cee-b2fa-2aa6b634fb5f","createdAt":"2026-02-21T09:55:53.279Z","maxPoints":15,"description":"沟通是否专业、耐心、通俗易懂"},{"id":"c9fd514f-381b-44b3-b2bc-db87d20ed5fd","name":"合规意识","order":4,"taskId":"50194450-47c2-4cee-b2fa-2aa6b634fb5f","createdAt":"2026-02-21T09:55:53.279Z","maxPoints":15,"description":"是否充分披露风险、遵守合规要求"}],"simulationConfig":{"id":"af51bbab-e32a-46be-b6cb-d2ef6be3fe95","taskId":"50194450-47c2-4cee-b2fa-2aa6b634fb5f","scenario":"你是王女士，45岁，公司中层管理人员。你有100万存款想要理财。你的月收入2万，月支出1万。你有一个读高中的孩子，计划3年后出国留学。你对投资比较保守，之前只买过银行理财产品。","createdAt":"2026-02-21T09:55:53.279Z","updatedAt":"2026-02-21T09:55:53.279Z","openingLine":"你好，我是王女士。我听朋友说可以来这里做理财咨询，我有一些积蓄想做些投资，但不太懂金融产品。","strictnessLevel":"MODERATE","evaluatorPersona":"你是一位资深理财教育评估专家，关注学生的沟通技巧和专业建议质量。","studyBuddyContext":"理财咨询模拟场景：中年女性客户，保守型投资偏好，有子女教育需求。","dialogueRequirements":null},"subjectiveConfig":null,"allocationSections":[{"id":"04eea8a3-917f-4afc-b854-77f0ef7bdf83","items":[{"id":"39472968-97b3-4ea6-b596-74b61a695b8e","label":"银行存款/货币基金","order":0,"createdAt":"2026-02-21T09:55:53.279Z","sectionId":"04eea8a3-917f-4afc-b854-77f0ef7bdf83"},{"id":"7ecad371-20bb-45ed-adcf-3011775d4089","label":"债券/债券基金","order":1,"createdAt":"2026-02-21T09:55:53.279Z","sectionId":"04eea8a3-917f-4afc-b854-77f0ef7bdf83"},{"id":"979c6948-a813-4158-a921-3e05fa0ea713","label":"混合基金","order":2,"createdAt":"2026-02-21T09:55:53.279Z","sectionId":"04eea8a3-917f-4afc-b854-77f0ef7bdf83"},{"id":"2a9dfac8-69e5-4ca6-96fe-b50140d02089","label":"股票/股票基金","order":3,"createdAt":"2026-02-21T09:55:53.279Z","sectionId":"04eea8a3-917f-4afc-b854-77f0ef7bdf83"},{"id":"e8a38dc9-ce49-414b-8a7a-bebbc36da6d7","label":"保险产品","order":4,"createdAt":"2026-02-21T09:55:53.279Z","sectionId":"04eea8a3-917f-4afc-b854-77f0ef7bdf83"}],"label":"资产配置方案","order":0,"taskId":"50194450-47c2-4cee-b2fa-2aa6b634fb5f","createdAt":"2026-02-21T09:55:53.279Z"}]},"releaseMode":"manual","autoReleaseAt":null,"createdBy":"4dbbe635-a2ad-4605-a9a9-fe2bb491e6b5","createdAt":"2026-02-21T10:35:40.378Z","updatedAt":"2026-02-21T10:35:41.110Z","task":{"id":"50194450-47c2-4cee-b2fa-2aa6b634fb5f","taskName":"客户理财咨询模拟","taskType":"simulation"},"course":{"id":"940bbe23-6172-40bf-bc7f-b22a1840a1de","courseTitle":"个人理财规划"},"chapter":{"id":"d73bf6ea-9c1b-4d44-a190-5165917a14c2","title":"理财基础概念"},"section":{"id":"1ace5e74-6a79-40ca-afcf-229abfe0e1d8","title":"什么是个人理财"},"studentStatus":"overdue","canSubmit":true,"attemptsUsed":0,"latestScore":null,"latestMaxScore":null}
[06:33:48.518] create status: 201 ok: true
[06:33:48.518] post id=e9abeba0-adb4-4543-9c4f-42a4fd68ad0c status=pending refSources(initial)=[]
[06:34:22.495] create ok=true status=201
[06:34:22.496] post 7567f13e-9c93-47e9-9983-d9a96c5f76a2 initial status=pending
[06:34:25.105] poll0: status=pending msgs=1 ref=0
[06:34:27.625] poll1: status=answered msgs=2 ref=0
[06:34:27.625] referencedSources: undefined
[06:34:27.625] AI reply: 
[06:35:01.405] poll0 status=pending
[06:35:03.929] poll1 status=answered
[06:35:03.929] aiReply: 1. 复利计算公式为：FV = PV × (1 + r)^n。

2. 公式中各字母代表的含义如下：
   1) FV 代表终值，即投资在未来某个时间点的价值。
   2) PV 代表现值，即投资的初始本金。
   3) r 代表每期利率，例如年利率。
   4) n 代表计息期数，例如投资年数。

3. 这个公式体现了“利滚利”的核心概念，即每期产生的利息会加入本金，作为下一期计算利息的基础。在个人理财规划中，这是计算长期投资增长、教育金积累或养老金储备的基础工具。

4. 在您作为理财顾问的模拟场景中，可以运用此公式向客户（中年女性，有子女教育需求）直观展示：如果现在为子女开始一笔教育金定投，经过复利增长，在未来某个时间点能积累到多少资金，以满足其教育支出目标。
[06:35:03.930] messages: [
  {
    "role": "student",
    "content": "用上传材料说一下复利计算公式",
    "createdAt": "2026-05-14T06:34:58.823Z"
  },
  {
    "role": "ai",
    "content": "1. 复利计算公式为：FV = PV × (1 + r)^n。\n\n2. 公式中各字母代表的含义如下：\n   1) FV 代表终值，即投资在未来某个时间点的价值。\n   2) PV 代表现值，即投资的初始本金。\n   3) r 代表每期利率，例如年利率。\n   4) n 代表计息期数，例如投资年数。\n\n3. 这个公式体现了“利滚利”的核心概念，即每期产生的利息会加入本金，作为下一期计算利息的基础。在个人理财规划中，这是计算长期投资增长、教育金积累或养老金储备的基础工具。\n\n4. 在您作为理财顾问的模拟场景中，可以运用此公式向客户（中年女性，有子女教育需求）直观展示：如果现在为子女开始一笔教育金定投，经过复利增长，在未来某个时间点能积累到多少资金，以满足其教育支出目标。",
    "createdAt": "2026-05-14T06:35:02.891Z",
    "contextSources": []
  }
]
[06:35:38.876] course 940bbe23-6172-40bf-bc7f-b22a1840a1de: 0 sources
[06:35:38.909] course ec619c34-99ed-4e45-9f97-2bcd43c1bcb1: 0 sources
[06:35:38.945] course 00000000-0000-4000-8000-00000000a201: 0 sources
[06:38:50.592] +任务 buttons: 24
[06:38:51.823] screenshot saved
[06:38:51.828] wizard title count: 0
[06:38:51.831] +块 buttons: 24
[06:38:53.807] upload jpg status: 201 body: {"success":true,"data":{"id":"3595d2bc-2dac-4024-8f13-0e14f3c13cfe","courseId":"ec619c34-99ed-4e45-9f97-2bcd43c1bcb1","chapterId":null,"sectionId":null,"taskId":null,"taskInstanceId":null,"teacherId":"4dbbe635-a2ad-4605-a9a9-fe2bb491e6b5","kind":"image","sourceType":"syllabus","tags":[],"fileName":"
